Archive member included because of file (symbol)

/usr/local/arm/gcc-linaro-4.9.4-2017.01-x86_64_arm-linux-gnueabihf/bin/../lib/gcc/arm-linux-gnueabihf/4.9.4/libgcc.a(_udivsi3.o)
                              arch/arm/cpu/armv7/built-in.o (__aeabi_uidiv)
/usr/local/arm/gcc-linaro-4.9.4-2017.01-x86_64_arm-linux-gnueabihf/bin/../lib/gcc/arm-linux-gnueabihf/4.9.4/libgcc.a(_divsi3.o)
                              cmd/built-in.o (__aeabi_idiv)
/usr/local/arm/gcc-linaro-4.9.4-2017.01-x86_64_arm-linux-gnueabihf/bin/../lib/gcc/arm-linux-gnueabihf/4.9.4/libgcc.a(_lshrdi3.o)
                              fs/built-in.o (__aeabi_llsr)
/usr/local/arm/gcc-linaro-4.9.4-2017.01-x86_64_arm-linux-gnueabihf/bin/../lib/gcc/arm-linux-gnueabihf/4.9.4/libgcc.a(_ashldi3.o)
                              drivers/mmc/built-in.o (__aeabi_llsl)
/usr/local/arm/gcc-linaro-4.9.4-2017.01-x86_64_arm-linux-gnueabihf/bin/../lib/gcc/arm-linux-gnueabihf/4.9.4/libgcc.a(_dvmd_lnx.o)
                              /usr/local/arm/gcc-linaro-4.9.4-2017.01-x86_64_arm-linux-gnueabihf/bin/../lib/gcc/arm-linux-gnueabihf/4.9.4/libgcc.a(_udivsi3.o) (__aeabi_idiv0)

Discarded input sections

 .data          0x0000000000000000        0x0 arch/arm/cpu/armv7/start.o
 .bss           0x0000000000000000        0x0 arch/arm/cpu/armv7/start.o
 .text.v7_arch_cp15_set_l2aux_ctrl
                0x0000000000000000        0x8 arch/arm/cpu/armv7/built-in.o
 .text.v7_arch_cp15_set_acr
                0x0000000000000000        0x8 arch/arm/cpu/armv7/built-in.o
 .text.sdelay   0x0000000000000000        0xc arch/arm/cpu/armv7/built-in.o
 .text.wait_on_value
                0x0000000000000000       0x34 arch/arm/cpu/armv7/built-in.o
 .text.get_nr_cpus
                0x0000000000000000       0x10 arch/arm/cpu/armv7/built-in.o
 .text.board_mmc_get_env_dev
                0x0000000000000000        0x8 arch/arm/cpu/armv7/built-in.o
 .text.get_boot_device
                0x0000000000000000       0x9c arch/arm/cpu/armv7/built-in.o
 .text.enable_uart_clk
                0x0000000000000000       0x54 arch/arm/cpu/armv7/built-in.o
 .text.enable_usdhc_clk
                0x0000000000000000       0x4c arch/arm/cpu/armv7/built-in.o
 .text.enable_spi_clk
                0x0000000000000000       0x44 arch/arm/cpu/armv7/built-in.o
 .text.enable_lvds_bridge
                0x0000000000000000      0x1d8 arch/arm/cpu/armv7/built-in.o
 .text.enable_ipu_clock
                0x0000000000000000       0x90 arch/arm/cpu/armv7/built-in.o
 .data          0x0000000000000000        0x0 arch/arm/cpu/armv7/built-in.o
 .bss           0x0000000000000000        0x0 arch/arm/cpu/armv7/built-in.o
 .text          0x0000000000000000        0x0 arch/arm/imx-common/built-in.o
 .text.imx_iomux_set_gpr_register
                0x0000000000000000       0x40 arch/arm/imx-common/built-in.o
 .text.get_imx_reset_cause
                0x0000000000000000       0x10 arch/arm/imx-common/built-in.o
 .text.set_chipselect_size
                0x0000000000000000       0x84 arch/arm/imx-common/built-in.o
 .text.usec2ticks
                0x0000000000000000       0x64 arch/arm/imx-common/built-in.o
 .data          0x0000000000000000        0x0 arch/arm/imx-common/built-in.o
 .bss           0x0000000000000000        0x0 arch/arm/imx-common/built-in.o
 .text.reset_misc
                0x0000000000000000        0x4 arch/arm/lib/built-in.o
 .text.enable_caches
                0x0000000000000000        0xc arch/arm/lib/built-in.o
 .text.invalidate_dcache_range
                0x0000000000000000        0x4 arch/arm/lib/built-in.o
 .text.flush_dcache_range
                0x0000000000000000        0x4 arch/arm/lib/built-in.o
 .text.flush_dcache_all
                0x0000000000000000        0xc arch/arm/lib/built-in.o
 .text.arm_init_before_mmu
                0x0000000000000000        0x4 arch/arm/lib/built-in.o
 .text.mmu_page_table_flush
                0x0000000000000000        0x4 arch/arm/lib/built-in.o
 .data          0x0000000000000000        0x0 arch/arm/lib/built-in.o
 .__secure_start
                0x0000000000000000        0x0 arch/arm/lib/built-in.o
 .__secure_end  0x0000000000000000        0x0 arch/arm/lib/built-in.o
 .bss           0x0000000000000000        0x0 arch/arm/lib/built-in.o
 .text          0x0000000000000000        0x0 board/freescale/common/built-in.o
 .text.mmc_map_to_kernel_blk
                0x0000000000000000        0x4 board/freescale/common/built-in.o
 .data          0x0000000000000000        0x0 board/freescale/common/built-in.o
 .bss           0x0000000000000000        0x0 board/freescale/common/built-in.o
 .text          0x0000000000000000        0x0 board/freescale/mx6ullevk/built-in.o
 .text.iox74lv_set
                0x0000000000000000       0xfc board/freescale/mx6ullevk/built-in.o
 .data          0x0000000000000000        0x0 board/freescale/mx6ullevk/built-in.o
 .bss           0x0000000000000000        0x0 board/freescale/mx6ullevk/built-in.o
[...]
Memory Configuration

Name             Origin             Length             Attributes
*default*        0x0000000000000000 0xffffffffffffffff

Linker script and memory map

Address of section .text set to 0x87800000
                0x0000000000000000                . = 0x0
                0x0000000000000000                . = ALIGN (0x4)

.text           0x0000000087800000    0x3e9e4
 *(.__image_copy_start)
 .__image_copy_start
                0x0000000087800000        0x0 arch/arm/lib/built-in.o
                0x0000000087800000                __image_copy_start
 *(.vectors)
 .vectors       0x0000000087800000      0x300 arch/arm/lib/built-in.o
                0x0000000087800000                _start
                0x0000000087800020                _undefined_instruction
                0x0000000087800024                _software_interrupt
                0x0000000087800028                _prefetch_abort
                0x000000008780002c                _data_abort
                0x0000000087800030                _not_used
                0x0000000087800034                _irq
                0x0000000087800038                _fiq
                0x0000000087800040                IRQ_STACK_START_IN
 arch/arm/cpu/armv7/start.o(.text*)
 .text          0x0000000087800300       0xb0 arch/arm/cpu/armv7/start.o
                0x0000000087800300                reset
                0x0000000087800304                save_boot_params_ret
                0x0000000087800340                c_runtime_cpu_setup
                0x0000000087800350                save_boot_params
                0x0000000087800354                cpu_init_cp15
                0x00000000878003a8                cpu_init_crit
 *(.text*)
 .text          0x00000000878003b0       0x24 arch/arm/cpu/armv7/built-in.o
                0x00000000878003b0                lowlevel_init
 .text.v7_maint_dcache_all
                0x00000000878003d4       0xcc arch/arm/cpu/armv7/built-in.o
 .text.invalidate_icache_all
                0x00000000878004a0       0x18 arch/arm/cpu/armv7/built-in.o
                0x00000000878004a0                invalidate_icache_all
 .text.v7_outer_cache_enable
                0x00000000878004b8        0x4 arch/arm/cpu/armv7/built-in.o
                0x00000000878004b8                v7_outer_cache_enable
 .text.v7_outer_cache_disable
                0x00000000878004bc        0x4 arch/arm/cpu/armv7/built-in.o
                0x00000000878004bc                v7_outer_cache_disable
 .text.v7_outer_cache_flush_all
                0x00000000878004c0        0x4 arch/arm/cpu/armv7/built-in.o
                0x00000000878004c0                v7_outer_cache_flush_all
 .text.flush_dcache_all
                0x00000000878004c4       0x14 arch/arm/cpu/armv7/built-in.o
                0x00000000878004c4                flush_dcache_all
 .text.v7_outer_cache_inval_all
                0x00000000878004d8        0x4 arch/arm/cpu/armv7/built-in.o
                0x00000000878004d8                v7_outer_cache_inval_all
 .text.invalidate_dcache_all
                0x00000000878004dc       0x14 arch/arm/cpu/armv7/built-in.o
                0x00000000878004dc                invalidate_dcache_all
 .text.arm_init_before_mmu
                0x00000000878004f0       0x28 arch/arm/cpu/armv7/built-in.o
                0x00000000878004f0                arm_init_before_mmu
 .text.v7_outer_cache_flush_range
                0x0000000087800518        0x4 arch/arm/cpu/armv7/built-in.o
                0x0000000087800518                v7_outer_cache_flush_range
 .text.flush_dcache_range
                0x000000008780051c       0x38 arch/arm/cpu/armv7/built-in.o
                0x000000008780051c                flush_dcache_range
 .text.mmu_page_table_flush
                0x0000000087800554       0x24 arch/arm/cpu/armv7/built-in.o
                0x0000000087800554                mmu_page_table_flush
 .text.v7_outer_cache_inval_range
                0x0000000087800578        0x4 arch/arm/cpu/armv7/built-in.o
                0x0000000087800578                v7_outer_cache_inval_range
 .text.invalidate_dcache_range
                0x000000008780057c       0xa8 arch/arm/cpu/armv7/built-in.o
                0x000000008780057c                invalidate_dcache_range
 .text.cpu_cache_initialization
                0x0000000087800624        0x4 arch/arm/cpu/armv7/built-in.o
                0x0000000087800624                cpu_cache_initialization
 .text.cleanup_before_linux_select
                0x0000000087800628       0x4c arch/arm/cpu/armv7/built-in.o
                0x0000000087800628                cleanup_before_linux_select
 .text.cleanup_before_linux
                0x0000000087800674        0x8 arch/arm/cpu/armv7/built-in.o
                0x0000000087800674                cleanup_before_linux
 .text.get_cpu_rev
                0x000000008780067c       0x90 arch/arm/cpu/armv7/built-in.o
                0x000000008780067c                get_cpu_rev
 .text.get_cpu_speed_grade_hz
                0x000000008780070c      0x138 arch/arm/cpu/armv7/built-in.o
                0x000000008780070c                get_cpu_speed_grade_hz
 .text.get_cpu_temp_grade
                0x0000000087800844       0x68 arch/arm/cpu/armv7/built-in.o
                0x0000000087800844                get_cpu_temp_grade
 .text.get_board_rev
                0x00000000878008ac       0x40 arch/arm/cpu/armv7/built-in.o
                0x00000000878008ac                get_board_rev
 .text.arch_cpu_init
                0x00000000878008ec      0x368 arch/arm/cpu/armv7/built-in.o
                0x00000000878008ec                arch_cpu_init
 .text.mmc_get_env_dev
                0x0000000087800c54       0x28 arch/arm/cpu/armv7/built-in.o
                0x0000000087800c54                mmc_get_env_dev
 .text.board_mmc_get_env_part
                0x0000000087800c7c        0x8 arch/arm/cpu/armv7/built-in.o
                0x0000000087800c7c                board_mmc_get_env_part
 .text.mmc_get_env_part
                0x0000000087800c84       0x28 arch/arm/cpu/armv7/built-in.o
                0x0000000087800c84                mmc_get_env_part
 .text.board_postclk_init
                0x0000000087800cac       0x70 arch/arm/cpu/armv7/built-in.o
                0x0000000087800cac                board_postclk_init
 .text.imx_get_mac_from_fuse
                0x0000000087800d1c       0xb8 arch/arm/cpu/armv7/built-in.o
                0x0000000087800d1c                imx_get_mac_from_fuse
 .text.set_wdog_reset
                0x0000000087800dd4       0x18 arch/arm/cpu/armv7/built-in.o
                0x0000000087800dd4                set_wdog_reset
 .text.reset_misc
                0x0000000087800dec        0x4 arch/arm/cpu/armv7/built-in.o
                0x0000000087800dec                reset_misc
 .text.s_init   0x0000000087800df0       0xa8 arch/arm/cpu/armv7/built-in.o
                0x0000000087800df0                s_init
 .text.disable_lcdif_clock
                0x0000000087800e98      0x208 arch/arm/cpu/armv7/built-in.o
 .text.get_ipg_clk
                0x00000000878010a0       0x28 arch/arm/cpu/armv7/built-in.o
 .text.enable_pll_video.constprop.0
                0x00000000878010c8      0x100 arch/arm/cpu/armv7/built-in.o
 .text.get_uart_clk
                0x00000000878011c8       0xd8 arch/arm/cpu/armv7/built-in.o
 .text.mxc_get_pll_pfd
                0x00000000878012a0       0xd4 arch/arm/cpu/armv7/built-in.o
 .text.get_usdhc_clk
                0x0000000087801374       0xe8 arch/arm/cpu/armv7/built-in.o
 .text.enable_ocotp_clk
                0x000000008780145c       0x24 arch/arm/cpu/armv7/built-in.o
                0x000000008780145c                enable_ocotp_clk
 .text.enable_usboh3_clk
                0x0000000087801480       0x24 arch/arm/cpu/armv7/built-in.o
                0x0000000087801480                enable_usboh3_clk
 .text.enable_enet_clk
                0x00000000878014a4       0x64 arch/arm/cpu/armv7/built-in.o
                0x00000000878014a4                enable_enet_clk
 .text.enable_i2c_clk
                0x0000000087801508       0xd8 arch/arm/cpu/armv7/built-in.o
                0x0000000087801508                enable_i2c_clk
 .text.get_periph_clk
                0x00000000878015e0       0xdc arch/arm/cpu/armv7/built-in.o
                0x00000000878015e0                get_periph_clk
 .text.get_axi_clk
                0x00000000878016bc       0x4c arch/arm/cpu/armv7/built-in.o
 .text.enable_lcdif_clock
                0x0000000087801708      0x264 arch/arm/cpu/armv7/built-in.o
                0x0000000087801708                enable_lcdif_clock
 .text.mxs_set_lcdclk
                0x000000008780196c      0x37c arch/arm/cpu/armv7/built-in.o
                0x000000008780196c                mxs_set_lcdclk
 .text.enable_qspi_clk
                0x0000000087801ce8       0x98 arch/arm/cpu/armv7/built-in.o
                0x0000000087801ce8                enable_qspi_clk
 .text.enable_fec_anatop_clock
                0x0000000087801d80       0xf4 arch/arm/cpu/armv7/built-in.o
                0x0000000087801d80                enable_fec_anatop_clock
 .text.imx_get_uartclk
                0x0000000087801e74        0x4 arch/arm/cpu/armv7/built-in.o
                0x0000000087801e74                imx_get_uartclk
 .text.enable_thermal_clk
                0x0000000087801e78       0x48 arch/arm/cpu/armv7/built-in.o
                0x0000000087801e78                enable_thermal_clk
 .text.mxc_get_clock
                0x0000000087801ec0      0x4bc arch/arm/cpu/armv7/built-in.o
                0x0000000087801ec0                mxc_get_clock
 .text.imx_get_fecclk
                0x000000008780237c        0x8 arch/arm/cpu/armv7/built-in.o
                0x000000008780237c                imx_get_fecclk
 .text.do_mx6_showclocks
                0x0000000087802384      0x230 arch/arm/cpu/armv7/built-in.o
                0x0000000087802384                do_mx6_showclocks
 .text.imx_iomux_v3_setup_pad
                0x00000000878025b4      0x17c arch/arm/imx-common/built-in.o
                0x00000000878025b4                imx_iomux_v3_setup_pad
 .text.imx_iomux_v3_setup_multiple_pads
                0x0000000087802730       0x2c arch/arm/imx-common/built-in.o
                0x0000000087802730                imx_iomux_v3_setup_multiple_pads
 .text.imx_ddr_size
                0x000000008780275c       0x64 arch/arm/imx-common/built-in.o
                0x000000008780275c                imx_ddr_size
 .text.get_imx_type
                0x00000000878027c0       0x20 arch/arm/imx-common/built-in.o
                0x00000000878027c0                get_imx_type
 .text.print_cpuinfo
                0x00000000878027e0      0x228 arch/arm/imx-common/built-in.o
                0x00000000878027e0                print_cpuinfo
 .text.cpu_eth_init
                0x0000000087802a08        0x4 arch/arm/imx-common/built-in.o
                0x0000000087802a08                cpu_eth_init
 .text.cpu_mmc_init
                0x0000000087802a0c        0x4 arch/arm/imx-common/built-in.o
                0x0000000087802a0c                cpu_mmc_init
 .text.get_ahb_clk
                0x0000000087802a10       0x24 arch/arm/imx-common/built-in.o
                0x0000000087802a10                get_ahb_clk
 .text.arch_preboot_os
                0x0000000087802a34        0x4 arch/arm/imx-common/built-in.o
                0x0000000087802a34                arch_preboot_os
 .text.get_clocks
                0x0000000087802a38       0x1c arch/arm/imx-common/built-in.o
                0x0000000087802a38                get_clocks
 .text.force_idle_bus
                0x0000000087802a54      0x1c4 arch/arm/imx-common/built-in.o
                0x0000000087802a54                force_idle_bus
 .text.setup_i2c
                0x0000000087802c18       0xe4 arch/arm/imx-common/built-in.o
                0x0000000087802c18                setup_i2c
 .text.mxs_wait_mask_set
                0x0000000087802cfc       0x3c arch/arm/imx-common/built-in.o
                0x0000000087802cfc                mxs_wait_mask_set
 .text.mxs_wait_mask_clr
                0x0000000087802d38       0x3c arch/arm/imx-common/built-in.o
                0x0000000087802d38                mxs_wait_mask_clr
 .text.mxs_reset_block
                0x0000000087802d74       0x90 arch/arm/imx-common/built-in.o
                0x0000000087802d74                mxs_reset_block
 .text.enable_caches
                0x0000000087802e04       0x34 arch/arm/imx-common/built-in.o
                0x0000000087802e04                enable_caches
 .text.init_aips
                0x0000000087802e38       0xc0 arch/arm/imx-common/built-in.o
                0x0000000087802e38                init_aips
 .text.imx_set_wdog_powerdown
                0x0000000087802ef8       0xa8 arch/arm/imx-common/built-in.o
                0x0000000087802ef8                imx_set_wdog_powerdown
 .text.init_src
                0x0000000087802fa0       0x18 arch/arm/imx-common/built-in.o
                0x0000000087802fa0                init_src
 .text.boot_mode_apply
                0x0000000087802fb8       0x24 arch/arm/imx-common/built-in.o
                0x0000000087802fb8                boot_mode_apply
 .text.board_video_skip
                0x0000000087802fdc      0x1a8 arch/arm/imx-common/built-in.o
                0x0000000087802fdc                board_video_skip
 .text.timer_init
                0x0000000087803184       0x3c arch/arm/imx-common/built-in.o
                0x0000000087803184                timer_init
 .text.get_ticks
                0x00000000878031c0       0x18 arch/arm/imx-common/built-in.o
                0x00000000878031c0                get_ticks
 .text.get_timer_masked
                0x00000000878031d8       0x58 arch/arm/imx-common/built-in.o
                0x00000000878031d8                get_timer_masked
 .text.get_timer
                0x0000000087803230       0x14 arch/arm/imx-common/built-in.o
                0x0000000087803230                get_timer
 .text.__udelay
                0x0000000087803244       0x80 arch/arm/imx-common/built-in.o
                0x0000000087803244                __udelay
 .text.get_tbclk
                0x00000000878032c4        0x8 arch/arm/imx-common/built-in.o
                0x00000000878032c4                get_tbclk
 .text.create_usage
                0x00000000878032cc       0xa0 arch/arm/imx-common/built-in.o
 .text.do_boot_mode
                0x000000008780336c       0xd4 arch/arm/imx-common/built-in.o
 .text.add_board_boot_modes
                0x0000000087803440       0x60 arch/arm/imx-common/built-in.o
                0x0000000087803440                add_board_boot_modes
 .text          0x00000000878034a0       0x90 arch/arm/lib/built-in.o
                0x00000000878034a0                _main
 .text.relocate_vectors
                0x0000000087803530       0x70 arch/arm/lib/built-in.o
                0x0000000087803530                relocate_vectors
                0x000000008780353c                relocate_code
 .text.arch_fixup_fdt
                0x00000000878035a0       0x38 arch/arm/lib/built-in.o
                0x00000000878035a0                arch_fixup_fdt
 .text.boot_jump_linux
                0x00000000878035d8       0xc4 arch/arm/lib/built-in.o
 .text.arch_lmb_reserve
                0x000000008780369c       0x24 arch/arm/lib/built-in.o
                0x000000008780369c                arch_lmb_reserve
 .text.setup_board_tags
                0x00000000878036c0        0x4 arch/arm/lib/built-in.o
                0x00000000878036c0                setup_board_tags
 .text.boot_prep_linux
                0x00000000878036c4      0x1d8 arch/arm/lib/built-in.o
 .text.do_bootm_linux
                0x000000008780389c       0x64 arch/arm/lib/built-in.o
                0x000000008780389c                do_bootm_linux
 .text.bootz_setup
                0x0000000087803900       0x58 arch/arm/lib/built-in.o
                0x0000000087803900                bootz_setup
 .text.boot_prep_vxworks
                0x0000000087803958       0x50 arch/arm/lib/built-in.o
                0x0000000087803958                boot_prep_vxworks
 .text.boot_jump_vxworks
                0x00000000878039a8        0xc arch/arm/lib/built-in.o
                0x00000000878039a8                boot_jump_vxworks
 .text.arch_reserve_stacks
                0x00000000878039b4       0x1c arch/arm/lib/built-in.o
                0x00000000878039b4                arch_reserve_stacks
 .text.interrupt_init
                0x00000000878039d0       0x1c arch/arm/lib/built-in.o
                0x00000000878039d0                interrupt_init
 .text.enable_interrupts
                0x00000000878039ec        0x4 arch/arm/lib/built-in.o
                0x00000000878039ec                enable_interrupts
 .text.disable_interrupts
                0x00000000878039f0        0x8 arch/arm/lib/built-in.o
                0x00000000878039f0                disable_interrupts
 .text.bad_mode
                0x00000000878039f8       0x10 arch/arm/lib/built-in.o
                0x00000000878039f8                bad_mode
 .text.show_regs
                0x0000000087803a08      0x174 arch/arm/lib/built-in.o
                0x0000000087803a08                show_regs
 .text.do_undefined_instruction
                0x0000000087803b7c       0x20 arch/arm/lib/built-in.o
                0x0000000087803b7c                do_undefined_instruction
 .text.do_software_interrupt
                0x0000000087803b9c       0x20 arch/arm/lib/built-in.o
                0x0000000087803b9c                do_software_interrupt
 .text.do_prefetch_abort
                0x0000000087803bbc       0x20 arch/arm/lib/built-in.o
                0x0000000087803bbc                do_prefetch_abort
 .text.do_data_abort
                0x0000000087803bdc       0x20 arch/arm/lib/built-in.o
                0x0000000087803bdc                do_data_abort
 .text.do_not_used
                0x0000000087803bfc       0x20 arch/arm/lib/built-in.o
                0x0000000087803bfc                do_not_used
 .text.do_fiq   0x0000000087803c1c       0x20 arch/arm/lib/built-in.o
                0x0000000087803c1c                do_fiq
 .text.do_irq   0x0000000087803c3c       0x20 arch/arm/lib/built-in.o
                0x0000000087803c3c                do_irq
 .text.do_reset
                0x0000000087803c5c       0x30 arch/arm/lib/built-in.o
                0x0000000087803c5c                do_reset
 .text.flush_cache
                0x0000000087803c8c        0x8 arch/arm/lib/built-in.o
                0x0000000087803c8c                flush_cache
 .text.cp_delay
                0x0000000087803c94       0x30 arch/arm/lib/built-in.o
 .text.arm_init_domains
                0x0000000087803cc4        0x4 arch/arm/lib/built-in.o
                0x0000000087803cc4                arm_init_domains
 .text.set_section_dcache
                0x0000000087803cc8       0x14 arch/arm/lib/built-in.o
                0x0000000087803cc8                set_section_dcache
 .text.mmu_set_region_dcache_behaviour
                0x0000000087803cdc       0x50 arch/arm/lib/built-in.o
                0x0000000087803cdc                mmu_set_region_dcache_behaviour
 .text.dram_bank_mmu_setup
                0x0000000087803d2c       0x44 arch/arm/lib/built-in.o
                0x0000000087803d2c                dram_bank_mmu_setup
 .text.icache_enable
                0x0000000087803d70       0x18 arch/arm/lib/built-in.o
                0x0000000087803d70                icache_enable
 .text.icache_disable
                0x0000000087803d88       0x20 arch/arm/lib/built-in.o
                0x0000000087803d88                icache_disable
 .text.icache_status
                0x0000000087803da8        0xc arch/arm/lib/built-in.o
                0x0000000087803da8                icache_status
 .text.dcache_enable
                0x0000000087803db4       0x78 arch/arm/lib/built-in.o
                0x0000000087803db4                dcache_enable
 .text.dcache_disable
                0x0000000087803e2c       0x2c arch/arm/lib/built-in.o
                0x0000000087803e2c                dcache_disable
 .text.dcache_status
                0x0000000087803e58        0xc arch/arm/lib/built-in.o
                0x0000000087803e58                dcache_status
 .text.board_late_mmc_env_init
                0x0000000087803e64       0x9c board/freescale/common/built-in.o
                0x0000000087803e64                board_late_mmc_env_init
 .text.do_enable_parallel_lcd
                0x0000000087803f00       0x2c board/freescale/mx6ullevk/built-in.o
                0x0000000087803f00                do_enable_parallel_lcd
 .text.power_init_board
                0x0000000087803f2c        0x8 board/freescale/mx6ullevk/built-in.o
                0x0000000087803f2c                power_init_board
 .text.dram_init
                0x0000000087803f34       0x18 board/freescale/mx6ullevk/built-in.o
                0x0000000087803f34                dram_init
 .text.board_mmc_get_env_dev
                0x0000000087803f4c        0x4 board/freescale/mx6ullevk/built-in.o
                0x0000000087803f4c                board_mmc_get_env_dev
 .text.mmc_map_to_kernel_blk
                0x0000000087803f50        0x4 board/freescale/mx6ullevk/built-in.o
                0x0000000087803f50                mmc_map_to_kernel_blk
 .text.board_mmc_getcd
                0x0000000087803f54       0x48 board/freescale/mx6ullevk/built-in.o
                0x0000000087803f54                board_mmc_getcd
 .text.board_mmc_init
                0x0000000087803f9c       0xb4 board/freescale/mx6ullevk/built-in.o
                0x0000000087803f9c                board_mmc_init
 .text.board_usb_phy_mode
                0x0000000087804050       0x14 board/freescale/mx6ullevk/built-in.o
                0x0000000087804050                board_usb_phy_mode
 .text.board_ehci_hcd_init
                0x0000000087804064       0x28 board/freescale/mx6ullevk/built-in.o
                0x0000000087804064                board_ehci_hcd_init
 .text.board_eth_init
                0x000000008780408c       0x60 board/freescale/mx6ullevk/built-in.o
                0x000000008780408c                board_eth_init
 .text.board_phy_config
                0x00000000878040ec       0x4c board/freescale/mx6ullevk/built-in.o
                0x00000000878040ec                board_phy_config
 .text.board_early_init_f
                0x0000000087804138       0x1c board/freescale/mx6ullevk/built-in.o
                0x0000000087804138                board_early_init_f
 .text.select_display_dev
                0x0000000087804154      0x130 board/freescale/mx6ullevk/built-in.o
                0x0000000087804154                select_display_dev
 .text.imx6_light_up_led1
                0x0000000087804284       0x18 board/freescale/mx6ullevk/built-in.o
                0x0000000087804284                imx6_light_up_led1
 .text.imx6_light_up_led2
                0x000000008780429c       0x18 board/freescale/mx6ullevk/built-in.o
                0x000000008780429c                imx6_light_up_led2
 .text.board_init
                0x00000000878042b4      0x1c0 board/freescale/mx6ullevk/built-in.o
                0x00000000878042b4                board_init
 .text.board_late_init
                0x0000000087804474       0x50 board/freescale/mx6ullevk/built-in.o
                0x0000000087804474                board_late_init
 .text.checkboard
                0x00000000878044c4       0x18 board/freescale/mx6ullevk/built-in.o
                0x00000000878044c4                checkboard
 .text.do_go_exec
                0x00000000878044dc       0x10 cmd/built-in.o
                0x00000000878044dc                do_go_exec
 .text.do_go    0x00000000878044ec       0x6c cmd/built-in.o
 .text.do_bootm
                0x0000000087804558      0x10c cmd/built-in.o
                0x0000000087804558                do_bootm
 .text.do_bootd
                0x0000000087804664       0x20 cmd/built-in.o
                0x0000000087804664                do_bootd
 .text.image_info
                0x0000000087804684       0xcc cmd/built-in.o
 .text.do_iminfo
                0x0000000087804750       0x5c cmd/built-in.o
 .text.bootm_maybe_autostart
                0x00000000878047ac       0x78 cmd/built-in.o
                0x00000000878047ac                bootm_maybe_autostart
 .text.do_bootz
                0x0000000087804824       0xf8 cmd/built-in.o
                0x0000000087804824                do_bootz
 .text.do_help  0x000000008780491c       0x44 cmd/built-in.o
 .text.do_version
                0x0000000087804960       0x38 cmd/built-in.o
 .text.source   0x0000000087804998       0xd8 cmd/built-in.o
                0x0000000087804998                source
 .text.do_source
                0x0000000087804a70       0x48 cmd/built-in.o
 .text.print_num
                0x0000000087804ab8       0x14 cmd/built-in.o
 .text.do_bdinfo
                0x0000000087804acc      0x190 cmd/built-in.o
 .text.do_bmp   0x0000000087804c5c       0x54 cmd/built-in.o
 .text.do_bmp_info
                0x0000000087804cb0      0x10c cmd/built-in.o
 .text.bmp_display
                0x0000000087804dbc       0x50 cmd/built-in.o
                0x0000000087804dbc                bmp_display
 .text.do_bmp_display
                0x0000000087804e0c       0xbc cmd/built-in.o
 .text.parse_argv
                0x0000000087804ec8       0x64 cmd/built-in.o
 .text.do_icache
                0x0000000087804f2c       0x88 cmd/built-in.o
 .text.do_dcache
                0x0000000087804fb4       0x88 cmd/built-in.o
 .text.do_coninfo
                0x000000008780503c       0xb0 cmd/built-in.o
 .text.do_echo  0x00000000878050ec       0xb0 cmd/built-in.o
 .text.load_elf_image_shdr
                0x000000008780519c       0x8c cmd/built-in.o
 .text.valid_elf_image
                0x0000000087805228       0x4c cmd/built-in.o
                0x0000000087805228                valid_elf_image
 .text.do_bootelf
                0x0000000087805274      0x1b0 cmd/built-in.o
                0x0000000087805274                do_bootelf
 .text.do_bootvx
                0x0000000087805424      0x330 cmd/built-in.o
                0x0000000087805424                do_bootvx
 .text.do_exit  0x0000000087805754       0x3c cmd/built-in.o
 .text.do_ext4_size
                0x0000000087805790       0x18 cmd/built-in.o
                0x0000000087805790                do_ext4_size
 .text.do_ext4_load
                0x00000000878057a8       0x18 cmd/built-in.o
                0x00000000878057a8                do_ext4_load
 .text.do_ext4_ls
                0x00000000878057c0       0x18 cmd/built-in.o
                0x00000000878057c0                do_ext4_ls
 .text.do_ext4_write
                0x00000000878057d8       0x18 cmd/built-in.o
                0x00000000878057d8                do_ext4_write
 .text.do_ext2load
                0x00000000878057f0       0x18 cmd/built-in.o
                0x00000000878057f0                do_ext2load
 .text.do_ext2ls
                0x0000000087805808       0x18 cmd/built-in.o
 .text.do_fat_size
                0x0000000087805820       0x18 cmd/built-in.o
                0x0000000087805820                do_fat_size
 .text.do_fat_fsload
                0x0000000087805838       0x18 cmd/built-in.o
                0x0000000087805838                do_fat_fsload
 .text.do_fat_ls
                0x0000000087805850       0x18 cmd/built-in.o
 .text.do_fat_fsinfo
                0x0000000087805868       0x90 cmd/built-in.o
 .text.fdt_valid
                0x00000000878058f8       0xbc cmd/built-in.o
 .text.is_printable_string
                0x00000000878059b4       0x98 cmd/built-in.o
 .text.print_data
                0x0000000087805a4c      0x174 cmd/built-in.o
 .text.set_working_fdt_addr
                0x0000000087805bc0       0x1c cmd/built-in.o
                0x0000000087805bc0                set_working_fdt_addr
 .text.do_fdt   0x0000000087805bdc      0xe7c cmd/built-in.o
 .text.do_flinfo
                0x0000000087806a58        0x8 cmd/built-in.o
 .text.do_flerase
                0x0000000087806a60        0x8 cmd/built-in.o
 .text.do_protect
                0x0000000087806a68       0x10 cmd/built-in.o
 .text.do_size_wrapper
                0x0000000087806a78       0x18 cmd/built-in.o
 .text.do_load_wrapper
                0x0000000087806a90       0x18 cmd/built-in.o
 .text.do_save_wrapper
                0x0000000087806aa8       0x18 cmd/built-in.o
 .text.do_ls_wrapper
                0x0000000087806ac0       0x18 cmd/built-in.o
 .text.do_fstype_wrapper
                0x0000000087806ad8        0x4 cmd/built-in.o
 .text.strtou32
                0x0000000087806adc       0x44 cmd/built-in.o
 .text.do_fuse  0x0000000087806b20      0x360 cmd/built-in.o
 .text.name_to_gpio
                0x0000000087806e80        0xc cmd/built-in.o
                0x0000000087806e80                name_to_gpio
 .text.do_gpio  0x0000000087806e8c      0x154 cmd/built-in.o
 .text.do_i2c   0x0000000087806fe0       0x64 cmd/built-in.o
 .text.do_i2c_bus_speed
                0x0000000087807044       0x78 cmd/built-in.o
 .text.do_i2c_reset
                0x00000000878070bc       0x2c cmd/built-in.o
 .text.do_i2c_probe
                0x00000000878070e8       0x9c cmd/built-in.o
 .text.do_i2c_bus_num
                0x0000000087807184       0xb8 cmd/built-in.o
 .text.do_i2c_show_bus
                0x000000008780723c       0xd0 cmd/built-in.o
 .text.get_alen.constprop.4
                0x000000008780730c       0x3c cmd/built-in.o
 .text.do_i2c_crc
                0x0000000087807348      0x120 cmd/built-in.o
 .text.do_i2c_read
                0x0000000087807468       0xbc cmd/built-in.o
 .text.do_i2c_md
                0x0000000087807524      0x1e8 cmd/built-in.o
 .text.do_i2c_mw
                0x000000008780770c       0xfc cmd/built-in.o
 .text.do_i2c_write
                0x0000000087807808      0x14c cmd/built-in.o
 .text.mod_i2c_mem.isra.3
                0x0000000087807954      0x200 cmd/built-in.o
 .text.do_i2c_nm
                0x0000000087807b54        0x8 cmd/built-in.o
 .text.do_i2c_mm
                0x0000000087807b5c        0x8 cmd/built-in.o
 .text.do_i2c_loop
                0x0000000087807b64       0xe4 cmd/built-in.o
 .text.i2c_init_board
                0x0000000087807c48        0x4 cmd/built-in.o
                0x0000000087807c48                i2c_init_board
 .text.evalexp  0x0000000087807c4c       0x70 cmd/built-in.o
 .text.evalstr  0x0000000087807cbc       0x6c cmd/built-in.o
 .text.binary_test
                0x0000000087807d28      0x1b4 cmd/built-in.o
 .text.do_itest
                0x0000000087807edc       0x88 cmd/built-in.o
 .text.bin_data_init
                0x0000000087807f64       0x2c cmd/built-in.o
 .text.k_data_save
                0x0000000087807f90       0x4c cmd/built-in.o
 .text.k_data_restore
                0x0000000087807fdc       0x4c cmd/built-in.o
 .text.getcxmodem
                0x0000000087808028       0x20 cmd/built-in.o
 .text.load_serial_ymodem
                0x0000000087808048       0xcc cmd/built-in.o
 .text.bin_data_char
                0x0000000087808114       0x2c cmd/built-in.o
 .text.chk1.constprop.1
                0x0000000087808140       0x2c cmd/built-in.o
 .text.s1_sendpacket.constprop.2
                0x000000008780816c       0x50 cmd/built-in.o
 .text.load_serial
                0x00000000878081bc      0x1e0 cmd/built-in.o
 .text.do_load_serial
                0x000000008780839c       0xdc cmd/built-in.o
 .text.do_load_serial_bin
                0x0000000087808478      0x7a8 cmd/built-in.o
 .text.do_mem_mw
                0x0000000087808c20       0xc0 cmd/built-in.o
 .text.do_mem_loop
                0x0000000087808ce0       0xec cmd/built-in.o
 .text.do_mem_md
                0x0000000087808dcc       0xec cmd/built-in.o
 .text.do_mem_cmp
                0x0000000087808eb8      0x168 cmd/built-in.o
 .text.do_mem_base
                0x0000000087809020       0x40 cmd/built-in.o
 .text.do_mem_cp
                0x0000000087809060       0xd8 cmd/built-in.o
 .text.do_mem_crc
                0x0000000087809138       0x48 cmd/built-in.o
 .text.do_mem_mtest
                0x0000000087809180      0x228 cmd/built-in.o
 .text.mod_mem.isra.2
                0x00000000878093a8      0x164 cmd/built-in.o
 .text.do_mem_mm
                0x000000008780950c        0x8 cmd/built-in.o
 .text.do_mem_nm
                0x0000000087809514        0x8 cmd/built-in.o
 .text.extract_range
                0x000000008780951c       0xe4 cmd/built-in.o
 .text.do_mii   0x0000000087809600      0x8e4 cmd/built-in.o
 .text.do_mdio  0x0000000087809ee4      0x4dc cmd/built-in.o
 .text.do_sleep
                0x000000008780a3c0       0x70 cmd/built-in.o
 .text.do_mmcops
                0x000000008780a430       0xb4 cmd/built-in.o
 .text.init_mmc_device
                0x000000008780a4e4       0x54 cmd/built-in.o
 .text.do_mmc_rescan
                0x000000008780a538       0x24 cmd/built-in.o
 .text.do_mmc_rst_func
                0x000000008780a55c       0xa0 cmd/built-in.o
 .text.do_mmc_partconf
                0x000000008780a5fc       0xb4 cmd/built-in.o
 .text.do_mmc_boot_resize
                0x000000008780a6b0       0xcc cmd/built-in.o
 .text.do_mmc_bootbus
                0x000000008780a77c       0xb4 cmd/built-in.o
 .text.do_mmc_hwpartition
                0x000000008780a830      0x508 cmd/built-in.o
 .text.do_mmc_list
                0x000000008780ad38       0x14 cmd/built-in.o
 .text.do_mmc_dev
                0x000000008780ad4c      0x134 cmd/built-in.o
 .text.do_mmc_part
                0x000000008780ae80       0x5c cmd/built-in.o
 .text.do_mmc_erase
                0x000000008780aedc       0xe8 cmd/built-in.o
 .text.do_mmc_write
                0x000000008780afc4      0x100 cmd/built-in.o
 .text.do_mmc_read
                0x000000008780b0c4       0xec cmd/built-in.o
 .text.do_mmcinfo
                0x000000008780b1b0      0x370 cmd/built-in.o
 .text.do_mmc_setdsr
                0x000000008780b520       0xb0 cmd/built-in.o
 .text.netboot_common
                0x000000008780b5d0      0x294 cmd/built-in.o
 .text.do_bootp
                0x000000008780b864        0xc cmd/built-in.o
 .text.do_dhcp  0x000000008780b870        0xc cmd/built-in.o
 .text.do_nfs   0x000000008780b87c        0xc cmd/built-in.o
 .text.do_tftpb
                0x000000008780b888       0x40 cmd/built-in.o
                0x000000008780b888                do_tftpb
 .text.do_ping  0x000000008780b8c8       0x78 cmd/built-in.o
 .text.bytes_per_second
                0x000000008780b940       0x50 cmd/built-in.o
 .text.do_spi_flash
                0x000000008780b990      0x86c cmd/built-in.o
 .text.substitute
                0x000000008780c1fc       0xf0 cmd/built-in.o
 .text.get_arg  0x000000008780c2ec       0x58 cmd/built-in.o
 .text.regex_sub
                0x000000008780c344      0x478 cmd/built-in.o
 .text.do_setexpr
                0x000000008780c7bc      0x1a0 cmd/built-in.o
 .text.do_false
                0x000000008780c95c        0x8 cmd/built-in.o
 .text.do_true  0x000000008780c964        0x8 cmd/built-in.o
 .text.do_test  0x000000008780c96c      0x33c cmd/built-in.o
 .text.usb_get_class_desc
                0x000000008780cca8       0xbc cmd/built-in.o
 .text.usb_find_device
                0x000000008780cd64       0x3c cmd/built-in.o
 .text.usb_show_tree_graph
                0x000000008780cda0      0x228 cmd/built-in.o
 .text.usb_display_class_sub
                0x000000008780cfc8      0x170 cmd/built-in.o
 .text.usb_display_string
                0x000000008780d138       0x44 cmd/built-in.o
 .text.usb_display_config
                0x000000008780d17c      0x20c cmd/built-in.o
 .text.do_usbboot
                0x000000008780d388        0xc cmd/built-in.o
 .text.usb_display_desc.part.2
                0x000000008780d394      0x12c cmd/built-in.o
 .text.do_usb_start
                0x000000008780d4c0       0x44 cmd/built-in.o
 .text.usb_show_tree
                0x000000008780d504       0x54 cmd/built-in.o
                0x000000008780d504                usb_show_tree
 .text.do_usb   0x000000008780d558      0x750 cmd/built-in.o
 .text.do_imgextract
                0x000000008780dca8      0x290 cmd/built-in.o
 .text.do_env_delete
                0x000000008780df38       0x9c cmd/built-in.o
 .text.do_env_exists
                0x000000008780dfd4       0x64 cmd/built-in.o
 .text.do_env_save
                0x000000008780e038       0x2c cmd/built-in.o
 .text.do_env   0x000000008780e064       0x64 cmd/built-in.o
 .text.env_print
                0x000000008780e0c8       0xc0 cmd/built-in.o
 .text.do_env_print
                0x000000008780e188       0xc4 cmd/built-in.o
 .text.do_env_import
                0x000000008780e24c      0x28c cmd/built-in.o
 .text.do_env_default
                0x000000008780e4d8       0xa8 cmd/built-in.o
 .text._do_env_set.isra.1
                0x000000008780e580      0x1bc cmd/built-in.o
 .text.do_env_set
                0x000000008780e73c       0x20 cmd/built-in.o
 .text.get_env_id
                0x000000008780e75c       0x10 cmd/built-in.o
                0x000000008780e75c                get_env_id
 .text.setenv   0x000000008780e76c       0x60 cmd/built-in.o
                0x000000008780e76c                setenv
 .text.setenv_ulong
                0x000000008780e7cc       0x20 cmd/built-in.o
                0x000000008780e7cc                setenv_ulong
 .text.setenv_hex
                0x000000008780e7ec       0x34 cmd/built-in.o
                0x000000008780e7ec                setenv_hex
 .text.do_env_export
                0x000000008780e820      0x250 cmd/built-in.o
 .text.envmatch
                0x000000008780ea70       0x6c cmd/built-in.o
                0x000000008780ea70                envmatch
 .text.getenv_f
                0x000000008780eadc       0xc0 cmd/built-in.o
                0x000000008780eadc                getenv_f
 .text.getenv   0x000000008780eb9c       0x78 cmd/built-in.o
                0x000000008780eb9c                getenv
 .text.getenv_hex
                0x000000008780ec14       0x3c cmd/built-in.o
                0x000000008780ec14                getenv_hex
 .text.getenv_ulong
                0x000000008780ec50       0x30 cmd/built-in.o
                0x000000008780ec50                getenv_ulong
 .text.do_env_edit.part.3
                0x000000008780ec80       0xa4 cmd/built-in.o
 .text.do_env_edit
                0x000000008780ed24       0x2c cmd/built-in.o
 .text.common_diskboot
                0x000000008780ed50      0x238 cmd/built-in.o
                0x000000008780ed50                common_diskboot
 .text.board_init_f_alloc_reserve
                0x000000008780ef88       0x10 common/built-in.o
                0x000000008780ef88                board_init_f_alloc_reserve
 .text.board_init_f_init_reserve
                0x000000008780ef98       0x20 common/built-in.o
                0x000000008780ef98                board_init_f_init_reserve
 .text.show_boot_progress
                0x000000008780efb8        0x4 common/built-in.o
                0x000000008780efb8                show_boot_progress
 .text.main_loop
                0x000000008780efbc       0x20 common/built-in.o
                0x000000008780efbc                main_loop
 .text.dummy    0x000000008780efdc        0x4 common/built-in.o
 .text.get_version
                0x000000008780efe0        0x8 common/built-in.o
                0x000000008780efe0                get_version
 .text.jumptable_init
                0x000000008780efe8      0x1e0 common/built-in.o
                0x000000008780efe8                jumptable_init
 .text.hash_command
                0x000000008780f1c8       0xb4 common/built-in.o
                0x000000008780f1c8                hash_command
 .text.b_reset  0x000000008780f27c       0x1c common/built-in.o
 .text.static_get
                0x000000008780f298       0x1c common/built-in.o
 .text.static_peek
                0x000000008780f2b4        0xc common/built-in.o
 .text.file_peek
                0x000000008780f2c0        0xc common/built-in.o
 .text.mapset   0x000000008780f2cc       0x20 common/built-in.o
 .text.syntax_err
                0x000000008780f2ec        0xc common/built-in.o
 .text.free_pipe_list
                0x000000008780f2f8       0xf0 common/built-in.o
 .text.xmalloc  0x000000008780f3e8       0x20 common/built-in.o
 .text.new_pipe
                0x000000008780f408       0x28 common/built-in.o
 .text.xrealloc
                0x000000008780f430       0x20 common/built-in.o
 .text.done_command
                0x000000008780f450       0x88 common/built-in.o
 .text.done_pipe
                0x000000008780f4d8       0x48 common/built-in.o
 .text.done_word
                0x000000008780f520      0x2e4 common/built-in.o
 .text.do_showvar
                0x000000008780f804       0xfc common/built-in.o
 .text.is_assignment
                0x000000008780f900       0x5c common/built-in.o
 .text.file_get
                0x000000008780f95c      0x1f0 common/built-in.o
 .text.b_addchr
                0x000000008780fb4c       0x78 common/built-in.o
 .text.b_addqchr
                0x000000008780fbc4       0x50 common/built-in.o
 .text.get_local_var
                0x000000008780fc14       0xa0 common/built-in.o
                0x000000008780fc14                get_local_var
 .text.set_local_var
                0x000000008780fcb4      0x1bc common/built-in.o
                0x000000008780fcb4                set_local_var
 .text.insert_var_value_sub
                0x000000008780fe70      0x2c0 common/built-in.o
 .text.parse_string_outer
                0x0000000087810130       0xe4 common/built-in.o
                0x0000000087810130                parse_string_outer
 .text.run_list_real
                0x0000000087810214      0x7e4 common/built-in.o
 .text.parse_stream_outer
                0x00000000878109f8      0x6cc common/built-in.o
 .text.parse_file_outer
                0x00000000878110c4       0x44 common/built-in.o
                0x00000000878110c4                parse_file_outer
 .text.u_boot_hush_start
                0x0000000087811108       0x54 common/built-in.o
                0x0000000087811108                u_boot_hush_start
 .text.bootdelay_process
                0x000000008781115c       0xd0 common/built-in.o
                0x000000008781115c                bootdelay_process
 .text.autoboot_command
                0x000000008781122c       0xd0 common/built-in.o
                0x000000008781122c                autoboot_command
 .text.display_text_info
                0x00000000878112fc        0x8 common/built-in.o
 .text.setup_mon_len
                0x0000000087811304       0x20 common/built-in.o
 .text.reserve_round_4k
                0x0000000087811324       0x18 common/built-in.o
 .text.reserve_mmu
                0x000000008781133c       0x38 common/built-in.o
 .text.reserve_trace
                0x0000000087811374        0x8 common/built-in.o
 .text.reserve_uboot
                0x000000008781137c       0x30 common/built-in.o
 .text.reserve_malloc
                0x00000000878113ac       0x18 common/built-in.o
 .text.setup_machine
                0x00000000878113c4        0x8 common/built-in.o
 .text.reserve_global_data
                0x00000000878113cc       0x1c common/built-in.o
 .text.reserve_fdt
                0x00000000878113e8       0x4c common/built-in.o
 .text.display_new_sp
                0x0000000087811434        0x8 common/built-in.o
 .text.initf_console_record
                0x000000008781143c        0x8 common/built-in.o
 .text.reserve_arch
                0x0000000087811444        0x8 common/built-in.o
                0x0000000087811444                reserve_arch
 .text.arch_cpu_init_dm
                0x000000008781144c        0x8 common/built-in.o
                0x000000008781144c                arch_cpu_init_dm
 .text.announce_dram_init
                0x0000000087811454       0x18 common/built-in.o
 .text.init_func_i2c
                0x000000008781146c       0x28 common/built-in.o
 .text.init_baud_rate
                0x0000000087811494       0x2c common/built-in.o
 .text.mark_bootstage
                0x00000000878114c0       0x14 common/built-in.o
 .text.initf_dm
                0x00000000878114d4        0x8 common/built-in.o
 .text.setup_reloc
                0x00000000878114dc       0x40 common/built-in.o
 .text.reloc_fdt
                0x000000008781151c       0x44 common/built-in.o
 .text.reserve_board
                0x0000000087811560       0x40 common/built-in.o
 .text.coloured_LED_init
                0x00000000878115a0        0x4 common/built-in.o
                0x00000000878115a0                coloured_LED_init
 .text.red_led_on
                0x00000000878115a4        0x4 common/built-in.o
                0x00000000878115a4                red_led_on
 .text.board_add_ram_info
                0x00000000878115a8        0x4 common/built-in.o
                0x00000000878115a8                board_add_ram_info
 .text.show_dram_config
                0x00000000878115ac       0x38 common/built-in.o
 .text.dram_init_banksize
                0x00000000878115e4       0x20 common/built-in.o
                0x00000000878115e4                dram_init_banksize
 .text.setup_dram_config
                0x0000000087811604       0x10 common/built-in.o
 .text.board_get_usable_ram_top
                0x0000000087811614       0x14 common/built-in.o
                0x0000000087811614                board_get_usable_ram_top
 .text.board_reserve_ram_top
                0x0000000087811628        0x4 common/built-in.o
                0x0000000087811628                board_reserve_ram_top
 .text.setup_dest_addr
                0x000000008781162c       0x4c common/built-in.o
 .text.reserve_stacks
                0x0000000087811678       0x1c common/built-in.o
 .text.board_init_f
                0x0000000087811694       0x30 common/built-in.o
                0x0000000087811694                board_init_f
 .text.bootstage_relocate
                0x00000000878116c4        0x8 common/built-in.o
 .text.initr_trace
                0x00000000878116cc        0x8 common/built-in.o
 .text.initr_reloc
                0x00000000878116d4       0x18 common/built-in.o
 .text.initr_reloc_global_data
                0x00000000878116ec       0x28 common/built-in.o
 .text.initr_barrier
                0x0000000087811714        0x8 common/built-in.o
 .text.initr_console_record
                0x000000008781171c        0x8 common/built-in.o
 .text.initr_announce
                0x0000000087811724        0x8 common/built-in.o
 .text.run_main_loop
                0x000000008781172c        0xc common/built-in.o
 .text.initr_net
                0x0000000087811738       0x1c common/built-in.o
 .text.initr_ethaddr
                0x0000000087811754       0x20 common/built-in.o
 .text.initr_enable_interrupts
                0x0000000087811774       0x10 common/built-in.o
 .text.initr_jumptable
                0x0000000087811784       0x10 common/built-in.o
 .text.initr_env
                0x0000000087811794       0x30 common/built-in.o
 .text.initr_mmc
                0x00000000878117c4       0x20 common/built-in.o
 .text.initr_serial
                0x00000000878117e4       0x10 common/built-in.o
 .text.initr_bootstage
                0x00000000878117f4       0x14 common/built-in.o
 .text.initr_dm
                0x0000000087811808       0x14 common/built-in.o
 .text.initr_malloc
                0x000000008781181c       0x24 common/built-in.o
 .text.initr_caches
                0x0000000087811840       0x10 common/built-in.o
 .text.cpu_secondary_init_r
                0x0000000087811850        0x4 common/built-in.o
                0x0000000087811850                cpu_secondary_init_r
 .text.initr_secondary_cpu
                0x0000000087811854       0x10 common/built-in.o
 .text.board_init_r
                0x0000000087811864       0x14 common/built-in.o
                0x0000000087811864                board_init_r
 .text.show_board_info
                0x0000000087811878        0x4 common/built-in.o
                0x0000000087811878                show_board_info
 .text.bootm_find_images
                0x000000008781187c       0xa8 common/built-in.o
                0x000000008781187c                bootm_find_images
 .text.bootm_decomp_image
                0x0000000087811924      0x14c common/built-in.o
                0x0000000087811924                bootm_decomp_image
 .text.bootm_disable_interrupts
                0x0000000087811a70       0x18 common/built-in.o
                0x0000000087811a70                bootm_disable_interrupts
 .text.do_bootm_states
                0x0000000087811a88      0x74c common/built-in.o
                0x0000000087811a88                do_bootm_states
 .text.copy_args
                0x00000000878121d4       0x50 common/built-in.o
 .text.do_bootm_rtems
                0x0000000087812224       0x40 common/built-in.o
 .text.do_bootm_plan9
                0x0000000087812264       0xa4 common/built-in.o
 .text.do_bootm_standalone
                0x0000000087812308       0x64 common/built-in.o
 .text.do_bootm_qnxelf
                0x000000008781236c       0x5c common/built-in.o
 .text.do_bootm_netbsd
                0x00000000878123c8       0xf8 common/built-in.o
 .text.do_bootvx_fdt
                0x00000000878124c0      0x118 common/built-in.o
                0x00000000878124c0                do_bootvx_fdt
 .text.do_bootm_vxworks
                0x00000000878125d8       0x24 common/built-in.o
 .text.boot_selected_os
                0x00000000878125fc       0x58 common/built-in.o
                0x00000000878125fc                boot_selected_os
 .text.bootm_os_get_boot_func
                0x0000000087812654       0x10 common/built-in.o
                0x0000000087812654                bootm_os_get_boot_func
 .text.regex_callback
                0x0000000087812664      0x134 common/built-in.o
 .text.env_attr_walk
                0x0000000087812798      0x11c common/built-in.o
                0x0000000087812798                env_attr_walk
 .text.env_attr_lookup
                0x00000000878128b4       0x84 common/built-in.o
                0x00000000878128b4                env_attr_lookup
 .text.clear_callback
                0x0000000087812938       0x10 common/built-in.o
 .text.find_env_callback
                0x0000000087812948       0x68 common/built-in.o
 .text.on_callbacks
                0x00000000878129b0       0x50 common/built-in.o
 .text.set_callback
                0x0000000087812a00       0x98 common/built-in.o
 .text.env_callback_init
                0x0000000087812a98       0xc4 common/built-in.o
                0x0000000087812a98                env_callback_init
 .text.skip_num
                0x0000000087812b5c       0x70 common/built-in.o
 .text.clear_flags
                0x0000000087812bcc       0x10 common/built-in.o
 .text.on_flags
                0x0000000087812bdc       0x50 common/built-in.o
 .text.env_flags_parse_vartype
                0x0000000087812c2c       0x50 common/built-in.o
                0x0000000087812c2c                env_flags_parse_vartype
 .text.env_flags_parse_varaccess
                0x0000000087812c7c       0x58 common/built-in.o
                0x0000000087812c7c                env_flags_parse_varaccess
 .text.set_flags
                0x0000000087812cd4       0xb0 common/built-in.o
 .text.eth_validate_ethaddr_str
                0x0000000087812d84       0x94 common/built-in.o
                0x0000000087812d84                eth_validate_ethaddr_str
 .text.env_flags_init
                0x0000000087812e18       0xd8 common/built-in.o
                0x0000000087812e18                env_flags_init
 .text.env_flags_validate
                0x0000000087812ef0      0x2b8 common/built-in.o
                0x0000000087812ef0                env_flags_validate
 .text.mmc_get_env_addr
                0x00000000878131a8       0x10 common/built-in.o
                0x00000000878131a8                mmc_get_env_addr
 .text.fini_mmc_for_env.isra.0
                0x00000000878131b8       0x1c common/built-in.o
 .text.env_init
                0x00000000878131d4       0x1c common/built-in.o
                0x00000000878131d4                env_init
 .text.init_mmc_for_env
                0x00000000878131f0       0x78 common/built-in.o
 .text.saveenv  0x0000000087813268      0x114 common/built-in.o
                0x0000000087813268                saveenv
 .text.env_relocate_spec
                0x000000008781337c       0xe0 common/built-in.o
                0x000000008781337c                env_relocate_spec
 .text.fdt_find_and_setprop
                0x000000008781345c       0x70 common/built-in.o
                0x000000008781345c                fdt_find_and_setprop
 .text.fdt_find_or_add_subnode
                0x00000000878134cc       0x68 common/built-in.o
                0x00000000878134cc                fdt_find_or_add_subnode
 .text.fdt_root
                0x0000000087813534       0x90 common/built-in.o
                0x0000000087813534                fdt_root
 .text.fdt_initrd
                0x00000000878135c4      0x1cc common/built-in.o
                0x00000000878135c4                fdt_initrd
 .text.fdt_chosen
                0x0000000087813790       0xa8 common/built-in.o
                0x0000000087813790                fdt_chosen
 .text.do_fixup_by_path
                0x0000000087813838       0x54 common/built-in.o
                0x0000000087813838                do_fixup_by_path
 .text.fdt_fixup_memory_banks
                0x000000008781388c      0x1b0 common/built-in.o
                0x000000008781388c                fdt_fixup_memory_banks
 .text.fdt_fixup_memory
                0x0000000087813a3c       0x20 common/built-in.o
                0x0000000087813a3c                fdt_fixup_memory
 .text.fdt_fixup_ethernet
                0x0000000087813a5c      0x174 common/built-in.o
                0x0000000087813a5c                fdt_fixup_ethernet
 .text.fdt_shrink_to_minimum
                0x0000000087813bd0       0xcc common/built-in.o
                0x0000000087813bd0                fdt_shrink_to_minimum
 .text.miiphy_get_dev_by_name
                0x0000000087813c9c       0x60 common/built-in.o
                0x0000000087813c9c                miiphy_get_dev_by_name
 .text.miiphy_init
                0x0000000087813cfc       0x24 common/built-in.o
                0x0000000087813cfc                miiphy_init
 .text.mdio_alloc
                0x0000000087813d20       0x30 common/built-in.o
                0x0000000087813d20                mdio_alloc
 .text.mdio_register
                0x0000000087813d50       0x94 common/built-in.o
                0x0000000087813d50                mdio_register
 .text.mdio_unregister
                0x0000000087813de4       0x3c common/built-in.o
                0x0000000087813de4                mdio_unregister
 .text.mdio_list_devices
                0x0000000087813e20       0x98 common/built-in.o
                0x0000000087813e20                mdio_list_devices
 .text.miiphy_set_current_dev
                0x0000000087813eb8       0x40 common/built-in.o
                0x0000000087813eb8                miiphy_set_current_dev
 .text.miiphy_get_active_dev
                0x0000000087813ef8       0x54 common/built-in.o
 .text.mdio_get_current_dev
                0x0000000087813f4c       0x10 common/built-in.o
                0x0000000087813f4c                mdio_get_current_dev
 .text.mdio_phydev_for_ethname
                0x0000000087813f5c       0x88 common/built-in.o
                0x0000000087813f5c                mdio_phydev_for_ethname
 .text.miiphy_get_current_dev
                0x0000000087813fe4       0x18 common/built-in.o
                0x0000000087813fe4                miiphy_get_current_dev
 .text.miiphy_read
                0x0000000087813ffc       0x4c common/built-in.o
                0x0000000087813ffc                miiphy_read
 .text.miiphy_write
                0x0000000087814048       0x40 common/built-in.o
                0x0000000087814048                miiphy_write
 .text.miiphy_listdev
                0x0000000087814088       0x74 common/built-in.o
                0x0000000087814088                miiphy_listdev
 .text.miiphy_info
                0x00000000878140fc       0x88 common/built-in.o
                0x00000000878140fc                miiphy_info
 .text.miiphy_speed
                0x0000000087814184       0x94 common/built-in.o
                0x0000000087814184                miiphy_speed
 .text.miiphy_duplex
                0x0000000087814218       0x94 common/built-in.o
                0x0000000087814218                miiphy_duplex
 .text.miiphy_is_1000base_x
                0x00000000878142ac        0x8 common/built-in.o
                0x00000000878142ac                miiphy_is_1000base_x
 .text.usb_set_maxpacket_ep
                0x00000000878142b4       0x70 common/built-in.o
 .text.usb_stop
                0x0000000087814324       0x80 common/built-in.o
                0x0000000087814324                usb_stop
 .text.usb_disable_asynch
                0x00000000878143a4       0x20 common/built-in.o
                0x00000000878143a4                usb_disable_asynch
 .text.usb_control_msg
                0x00000000878143c4       0xc4 common/built-in.o
                0x00000000878143c4                usb_control_msg
 .text.usb_get_descriptor
                0x0000000087814488       0x58 common/built-in.o
 .text.get_descriptor_len
                0x00000000878144e0       0x90 common/built-in.o
 .text.usb_get_string
                0x0000000087814570       0x70 common/built-in.o
 .text.usb_string_sub
                0x00000000878145e0      0x108 common/built-in.o
 .text.usb_bulk_msg
                0x00000000878146e8       0x78 common/built-in.o
                0x00000000878146e8                usb_bulk_msg
 .text.usb_maxpacket
                0x0000000087814760       0x1c common/built-in.o
                0x0000000087814760                usb_maxpacket
 .text.usb_clear_halt
                0x000000008781477c       0x90 common/built-in.o
                0x000000008781477c                usb_clear_halt
 .text.usb_get_configuration_len
                0x000000008781480c       0x74 common/built-in.o
                0x000000008781480c                usb_get_configuration_len
 .text.usb_get_configuration_no
                0x0000000087814880       0x34 common/built-in.o
                0x0000000087814880                usb_get_configuration_no
 .text.usb_set_interface
                0x00000000878148b4       0xb4 common/built-in.o
                0x00000000878148b4                usb_set_interface
 .text.usb_string
                0x0000000087814968      0x104 common/built-in.o
                0x0000000087814968                usb_string
 .text.usb_get_dev_index
                0x0000000087814a6c       0x24 common/built-in.o
                0x0000000087814a6c                usb_get_dev_index
 .text.usb_alloc_new_device
                0x0000000087814a90       0x9c common/built-in.o
                0x0000000087814a90                usb_alloc_new_device
 .text.usb_free_device
                0x0000000087814b2c       0x48 common/built-in.o
                0x0000000087814b2c                usb_free_device
 .text.usb_alloc_device
                0x0000000087814b74        0x8 common/built-in.o
                0x0000000087814b74                usb_alloc_device
 .text.usb_select_config
                0x0000000087814b7c      0x458 common/built-in.o
                0x0000000087814b7c                usb_select_config
 .text.usb_setup_device
                0x0000000087814fd4      0x19c common/built-in.o
                0x0000000087814fd4                usb_setup_device
 .text.usb_new_device
                0x0000000087815170       0x34 common/built-in.o
                0x0000000087815170                usb_new_device
 .text.usb_init
                0x00000000878151a4      0x168 common/built-in.o
                0x00000000878151a4                usb_init
 .text.usb_device_has_child_on_port
                0x000000008781530c       0x14 common/built-in.o
                0x000000008781530c                usb_device_has_child_on_port
 .text.usb_find_usb2_hub_address_port
                0x0000000087815320       0x5c common/built-in.o
                0x0000000087815320                usb_find_usb2_hub_address_port
 .text.usb_set_port_feature
                0x000000008781537c       0x4c common/built-in.o
 .text.usb_clear_port_feature
                0x00000000878153c8       0x4c common/built-in.o
 .text.usb_get_hub_descriptor
                0x0000000087815414       0x4c common/built-in.o
 .text.usb_hub_power_on
                0x0000000087815460       0x6c common/built-in.o
 .text.usb_hub_reset_devices
                0x00000000878154cc        0x4 common/built-in.o
                0x00000000878154cc                usb_hub_reset_devices
 .text.usb_get_port_status
                0x00000000878154d0       0x4c common/built-in.o
                0x00000000878154d0                usb_get_port_status
 .text.usb_hub_reset
                0x000000008781551c       0x14 common/built-in.o
                0x000000008781551c                usb_hub_reset
 .text.legacy_hub_port_reset
                0x0000000087815530       0xa0 common/built-in.o
                0x0000000087815530                legacy_hub_port_reset
 .text.usb_hub_port_connect_change
                0x00000000878155d0      0x16c common/built-in.o
                0x00000000878155d0                usb_hub_port_connect_change
 .text.usb_hub_configure
                0x000000008781573c      0x2d4 common/built-in.o
 .text.usb_hub_probe
                0x0000000087815a10       0x54 common/built-in.o
                0x0000000087815a10                usb_hub_probe
 .text.usb_stor_irq
                0x0000000087815a64       0x1c common/built-in.o
 .text.usb_stor_BBB_reset
                0x0000000087815a80       0xd0 common/built-in.o
 .text.usb_stor_CB_reset
                0x0000000087815b50       0xd0 common/built-in.o
 .text.usb_stor_BBB_clear_endpt_stall.isra.0
                0x0000000087815c20       0x40 common/built-in.o
 .text.usb_stor_BBB_transport
                0x0000000087815c60      0x25c common/built-in.o
 .text.usb_stor_CB_comdat
                0x0000000087815ebc      0x200 common/built-in.o
 .text.usb_stor_CBI_get_status.isra.2
                0x00000000878160bc       0xc8 common/built-in.o
 .text.usb_stor_CB_transport
                0x0000000087816184      0x228 common/built-in.o
 .text.usb_request_sense.constprop.8
                0x00000000878163ac       0x70 common/built-in.o
 .text.usb_stor_read
                0x000000008781641c      0x18c common/built-in.o
 .text.usb_stor_write
                0x00000000878165a8      0x18c common/built-in.o
 .text.usb_stor_get_dev
                0x0000000087816734       0x28 common/built-in.o
                0x0000000087816734                usb_stor_get_dev
 .text.usb_stor_info
                0x000000008781675c       0x74 common/built-in.o
                0x000000008781675c                usb_stor_info
 .text.usb_storage_probe
                0x00000000878167d0      0x204 common/built-in.o
                0x00000000878167d0                usb_storage_probe
 .text.usb_stor_get_info
                0x00000000878169d4      0x318 common/built-in.o
                0x00000000878169d4                usb_stor_get_info
 .text.usb_stor_scan
                0x0000000087816cec      0x1ec common/built-in.o
                0x0000000087816cec                usb_stor_scan
 .text.splash_screen_prepare
                0x0000000087816ed8        0x8 common/built-in.o
                0x0000000087816ed8                splash_screen_prepare
 .text.splash_get_pos
                0x0000000087816ee0       0x84 common/built-in.o
                0x0000000087816ee0                splash_get_pos
 .text.env_get_char_spec
                0x0000000087816f64        0xc common/built-in.o
                0x0000000087816f64                env_get_char_spec
 .text.env_get_addr
                0x0000000087816f70       0x20 common/built-in.o
                0x0000000087816f70                env_get_addr
 .text.env_get_char_memory
                0x0000000087816f90       0x10 common/built-in.o
                0x0000000087816f90                env_get_char_memory
 .text.env_get_char
                0x0000000087816fa0       0x30 common/built-in.o
                0x0000000087816fa0                env_get_char
 .text.getenv_yesno
                0x0000000087816fd0       0x40 common/built-in.o
                0x0000000087816fd0                getenv_yesno
 .text.getenv_default
                0x0000000087817010       0x30 common/built-in.o
                0x0000000087817010                getenv_default
 .text.set_default_env
                0x0000000087817040       0xc0 common/built-in.o
                0x0000000087817040                set_default_env
 .text.set_default_vars
                0x0000000087817100       0x38 common/built-in.o
                0x0000000087817100                set_default_vars
 .text.env_import
                0x0000000087817138       0xdc common/built-in.o
                0x0000000087817138                env_import
 .text.env_export
                0x0000000087817214       0xa0 common/built-in.o
                0x0000000087817214                env_export
 .text.env_relocate
                0x00000000878172b4       0x2c common/built-in.o
                0x00000000878172b4                env_relocate
 .text.env_complete
                0x00000000878172e0       0xdc common/built-in.o
                0x00000000878172e0                env_complete
 .text.console_setfile
                0x00000000878173bc       0xc0 common/built-in.o
 .text.serial_printf
                0x000000008781747c       0x44 common/built-in.o
                0x000000008781747c                serial_printf
 .text.puts     0x00000000878174c0       0x34 common/built-in.o
                0x00000000878174c0                puts
 .text.putc     0x00000000878174f4       0x34 common/built-in.o
                0x00000000878174f4                putc
 .text.fgetc    0x0000000087817528       0x24 common/built-in.o
                0x0000000087817528                fgetc
 .text.getc     0x000000008781754c       0x24 common/built-in.o
                0x000000008781754c                getc
 .text.ftstc    0x0000000087817570       0x24 common/built-in.o
                0x0000000087817570                ftstc
 .text.tstc     0x0000000087817594       0x24 common/built-in.o
                0x0000000087817594                tstc
 .text.ctrlc    0x00000000878175b8       0x58 common/built-in.o
                0x00000000878175b8                ctrlc
 .text.confirm_yesno
                0x0000000087817610       0xd4 common/built-in.o
                0x0000000087817610                confirm_yesno
 .text.had_ctrlc
                0x00000000878176e4       0x10 common/built-in.o
                0x00000000878176e4                had_ctrlc
 .text.clear_ctrlc
                0x00000000878176f4       0x14 common/built-in.o
                0x00000000878176f4                clear_ctrlc
 .text.search_device
                0x0000000087817708       0x28 common/built-in.o
                0x0000000087817708                search_device
 .text.console_assign
                0x0000000087817730       0x48 common/built-in.o
                0x0000000087817730                console_assign
 .text.on_console
                0x0000000087817778       0xb8 common/built-in.o
 .text.console_init_f
                0x0000000087817830       0x10 common/built-in.o
                0x0000000087817830                console_init_f
 .text.stdio_print_current_devices
                0x0000000087817840       0xb0 common/built-in.o
                0x0000000087817840                stdio_print_current_devices
 .text.console_init_r
                0x00000000878178f0      0x180 common/built-in.o
                0x00000000878178f0                console_init_r
 .text.sbrk     0x0000000087817a70       0x6c common/built-in.o
                0x0000000087817a70                sbrk
 .text.mem_malloc_init
                0x0000000087817adc       0x34 common/built-in.o
                0x0000000087817adc                mem_malloc_init
 .text.malloc_trim
                0x0000000087817b10       0xcc common/built-in.o
                0x0000000087817b10                malloc_trim
 .text.free     0x0000000087817bdc      0x248 common/built-in.o
                0x0000000087817bdc                free
 .text.malloc   0x0000000087817e24      0x61c common/built-in.o
                0x0000000087817e24                malloc
 .text.calloc   0x0000000087818440      0x148 common/built-in.o
                0x0000000087818440                calloc
 .text.realloc  0x0000000087818588      0x438 common/built-in.o
                0x0000000087818588                realloc
 .text.memalign
                0x00000000878189c0      0x140 common/built-in.o
                0x00000000878189c0                memalign
 .text.initf_malloc
                0x0000000087818b00       0x18 common/built-in.o
                0x0000000087818b00                initf_malloc
 .text.malloc_simple
                0x0000000087818b18       0x30 common/built-in.o
                0x0000000087818b18                malloc_simple
 .text.on_loadaddr
                0x0000000087818b48       0x38 common/built-in.o
 .text.image_check_hcrc
                0x0000000087818b80       0x4c common/built-in.o
                0x0000000087818b80                image_check_hcrc
 .text.image_check_dcrc
                0x0000000087818bcc       0x38 common/built-in.o
                0x0000000087818bcc                image_check_dcrc
 .text.image_multi_count
                0x0000000087818c04       0x1c common/built-in.o
                0x0000000087818c04                image_multi_count
 .text.image_multi_getimg
                0x0000000087818c20       0x80 common/built-in.o
                0x0000000087818c20                image_multi_getimg
 .text.getenv_bootm_low
                0x0000000087818ca0       0x30 common/built-in.o
                0x0000000087818ca0                getenv_bootm_low
 .text.getenv_bootm_size
                0x0000000087818cd0       0x68 common/built-in.o
                0x0000000087818cd0                getenv_bootm_size
 .text.getenv_bootm_mapsize
                0x0000000087818d38       0x30 common/built-in.o
                0x0000000087818d38                getenv_bootm_mapsize
 .text.memmove_wd
                0x0000000087818d68        0xc common/built-in.o
                0x0000000087818d68                memmove_wd
 .text.genimg_print_size
                0x0000000087818d74       0x30 common/built-in.o
                0x0000000087818d74                genimg_print_size
 .text.get_table_entry
                0x0000000087818da4       0x24 common/built-in.o
                0x0000000087818da4                get_table_entry
 .text.get_table_entry_name
                0x0000000087818dc8       0x20 common/built-in.o
                0x0000000087818dc8                get_table_entry_name
 .text.genimg_get_os_name
                0x0000000087818de8       0x18 common/built-in.o
                0x0000000087818de8                genimg_get_os_name
 .text.genimg_get_arch_name
                0x0000000087818e00       0x18 common/built-in.o
                0x0000000087818e00                genimg_get_arch_name
 .text.genimg_get_type_name
                0x0000000087818e18       0x18 common/built-in.o
                0x0000000087818e18                genimg_get_type_name
 .text.genimg_get_comp_name
                0x0000000087818e30       0x18 common/built-in.o
                0x0000000087818e30                genimg_get_comp_name
 .text.image_print_contents
                0x0000000087818e48      0x174 common/built-in.o
                0x0000000087818e48                image_print_contents
 .text.genimg_get_kernel_addr_fit
                0x0000000087818fbc       0x24 common/built-in.o
                0x0000000087818fbc                genimg_get_kernel_addr_fit
 .text.genimg_get_format
                0x0000000087818fe0       0x34 common/built-in.o
                0x0000000087818fe0                genimg_get_format
 .text.genimg_get_image
                0x0000000087819014        0x4 common/built-in.o
                0x0000000087819014                genimg_get_image
 .text.genimg_has_config
                0x0000000087819018        0x8 common/built-in.o
                0x0000000087819018                genimg_has_config
 .text.boot_get_ramdisk
                0x0000000087819020      0x274 common/built-in.o
                0x0000000087819020                boot_get_ramdisk
 .text.boot_ramdisk_high
                0x0000000087819294      0x138 common/built-in.o
                0x0000000087819294                boot_ramdisk_high
 .text.boot_get_setup
                0x00000000878193cc        0x8 common/built-in.o
                0x00000000878193cc                boot_get_setup
 .text.image_setup_linux
                0x00000000878193d4       0x8c common/built-in.o
                0x00000000878193d4                image_setup_linux
 .text.fdt_error
                0x0000000087819460       0x2c common/built-in.o
 .text.boot_fdt_add_mem_rsv_regions
                0x000000008781948c       0x88 common/built-in.o
                0x000000008781948c                boot_fdt_add_mem_rsv_regions
 .text.boot_relocate_fdt
                0x0000000087819514      0x198 common/built-in.o
                0x0000000087819514                boot_relocate_fdt
 .text.boot_get_fdt
                0x00000000878196ac      0x2b8 common/built-in.o
                0x00000000878196ac                boot_get_fdt
 .text.ft_verify_fdt
                0x0000000087819964        0x8 common/built-in.o
                0x0000000087819964                ft_verify_fdt
 .text.image_setup_libfdt
                0x000000008781996c      0x100 common/built-in.o
                0x000000008781996c                image_setup_libfdt
 .text.get_effective_memsize
                0x0000000087819a6c        0x8 common/built-in.o
                0x0000000087819a6c                get_effective_memsize
 .text.nulldev_putc
                0x0000000087819a74        0x4 common/built-in.o
 .text.nulldev_puts
                0x0000000087819a78        0x4 common/built-in.o
 .text.nulldev_input
                0x0000000087819a7c        0x8 common/built-in.o
 .text.stdio_serial_tstc
                0x0000000087819a84        0x4 common/built-in.o
 .text.stdio_serial_getc
                0x0000000087819a88        0x4 common/built-in.o
 .text.stdio_serial_puts
                0x0000000087819a8c        0x8 common/built-in.o
 .text.stdio_serial_putc
                0x0000000087819a94        0x8 common/built-in.o
 .text.stdio_get_list
                0x0000000087819a9c        0xc common/built-in.o
                0x0000000087819a9c                stdio_get_list
 .text.stdio_get_by_name
                0x0000000087819aa8       0x5c common/built-in.o
                0x0000000087819aa8                stdio_get_by_name
 .text.stdio_clone
                0x0000000087819b04       0x38 common/built-in.o
                0x0000000087819b04                stdio_clone
 .text.stdio_register_dev
                0x0000000087819b3c       0x50 common/built-in.o
                0x0000000087819b3c                stdio_register_dev
 .text.stdio_register
                0x0000000087819b8c        0x8 common/built-in.o
                0x0000000087819b8c                stdio_register
 .text.stdio_init_tables
                0x0000000087819b94       0x1c common/built-in.o
                0x0000000087819b94                stdio_init_tables
 .text.stdio_add_devices
                0x0000000087819bb0       0xd4 common/built-in.o
                0x0000000087819bb0                stdio_add_devices
 .text.run_command
                0x0000000087819c84       0x10 common/built-in.o
                0x0000000087819c84                run_command
 .text.run_command_list
                0x0000000087819c94       0x7c common/built-in.o
                0x0000000087819c94                run_command_list
 .text.do_run   0x0000000087819d10       0x78 common/built-in.o
                0x0000000087819d10                do_run
 .text.cli_loop
                0x0000000087819d88        0xc common/built-in.o
                0x0000000087819d88                cli_loop
 .text.cli_init
                0x0000000087819d94        0x4 common/built-in.o
                0x0000000087819d94                cli_init
 .text.delete_char.part.0
                0x0000000087819d98       0xd0 common/built-in.o
 .text.cread_add_char
                0x0000000087819e68       0xe8 common/built-in.o
 .text.cli_readline_into_buffer
                0x0000000087819f50      0x9cc common/built-in.o
                0x0000000087819f50                cli_readline_into_buffer
 .text.cli_readline
                0x000000008781a91c       0x14 common/built-in.o
                0x000000008781a91c                cli_readline
 .text.find_cmd_tbl
                0x000000008781a930       0xa4 common/built-in.o
                0x000000008781a930                find_cmd_tbl
 .text.find_cmd
                0x000000008781a9d4       0x28 common/built-in.o
                0x000000008781a9d4                find_cmd
 .text.cmd_usage
                0x000000008781a9fc       0x5c common/built-in.o
                0x000000008781a9fc                cmd_usage
 .text._do_help
                0x000000008781aa58      0x178 common/built-in.o
                0x000000008781aa58                _do_help
 .text.var_complete
                0x000000008781abd0       0x84 common/built-in.o
                0x000000008781abd0                var_complete
 .text.cmd_auto_complete
                0x000000008781ac54      0x4b4 common/built-in.o
                0x000000008781ac54                cmd_auto_complete
 .text.cmd_get_data_size
                0x000000008781b108       0x5c common/built-in.o
                0x000000008781b108                cmd_get_data_size
 .text.cmd_process
                0x000000008781b164       0xe8 common/built-in.o
                0x000000008781b164                cmd_process
 .text.cmd_process_error
                0x000000008781b24c       0x30 common/built-in.o
                0x000000008781b24c                cmd_process_error
 .text.hex1_bin
                0x000000008781b27c       0x40 common/built-in.o
 .text.hex2_bin
                0x000000008781b2bc       0x38 common/built-in.o
 .text.srec_decode
                0x000000008781b2f4      0x254 common/built-in.o
                0x000000008781b2f4                srec_decode
 .text.CYGACC_COMM_IF_GETC_TIMEOUT.isra.0
                0x000000008781b548       0x5c common/built-in.o
 .text.xyzModem_flush
                0x000000008781b5a4       0x1c common/built-in.o
 .text.xyzModem_get_hdr
                0x000000008781b5c0      0x22c common/built-in.o
 .text.xyzModem_stream_open
                0x000000008781b7ec      0x23c common/built-in.o
                0x000000008781b7ec                xyzModem_stream_open
 .text.xyzModem_stream_read
                0x000000008781ba28      0x258 common/built-in.o
                0x000000008781ba28                xyzModem_stream_read
 .text.xyzModem_stream_close
                0x000000008781bc80       0x54 common/built-in.o
                0x000000008781bc80                xyzModem_stream_close
 .text.xyzModem_stream_terminate
                0x000000008781bcd4       0x94 common/built-in.o
                0x000000008781bcd4                xyzModem_stream_terminate
 .text.xyzModem_error
                0x000000008781bd68       0x20 common/built-in.o
                0x000000008781bd68                xyzModem_error
 .text.get_dev_hwpart
                0x000000008781bd88       0xb0 disk/built-in.o
 .text.dev_print
                0x000000008781be38      0x210 disk/built-in.o
                0x000000008781be38                dev_print
 .text.init_part
                0x000000008781c048       0x20 disk/built-in.o
                0x000000008781c048                init_part
 .text.print_part
                0x000000008781c068       0xf4 disk/built-in.o
                0x000000008781c068                print_part
 .text.get_partition_info
                0x000000008781c15c       0x2c disk/built-in.o
                0x000000008781c15c                get_partition_info
 .text.get_device
                0x000000008781c188      0x128 disk/built-in.o
                0x000000008781c188                get_device
 .text.get_device_and_partition
                0x000000008781c2b0      0x404 disk/built-in.o
                0x000000008781c2b0                get_device_and_partition
 .text.test_block_type
                0x000000008781c6b4       0x84 disk/built-in.o
 .text.print_partition_extended
                0x000000008781c738      0x274 disk/built-in.o
 .text.get_partition_info_extended.constprop.2
                0x000000008781c9ac      0x2fc disk/built-in.o
 .text.test_part_dos
                0x000000008781cca8       0x60 disk/built-in.o
                0x000000008781cca8                test_part_dos
 .text.print_part_dos
                0x000000008781cd08       0x34 disk/built-in.o
                0x000000008781cd08                print_part_dos
 .text.get_partition_info_dos
                0x000000008781cd3c       0x20 disk/built-in.o
                0x000000008781cd3c                get_partition_info_dos
 .text.alloc_priv
                0x000000008781cd5c       0x48 drivers/built-in.o
 .text.device_bind
                0x000000008781cda4      0x304 drivers/built-in.o
                0x000000008781cda4                device_bind
 .text.device_bind_by_name
                0x000000008781d0a8       0x60 drivers/built-in.o
                0x000000008781d0a8                device_bind_by_name
 .text.device_probe
                0x000000008781d108      0x234 drivers/built-in.o
                0x000000008781d108                device_probe
 .text.dev_get_platdata
                0x000000008781d33c       0x34 drivers/built-in.o
                0x000000008781d33c                dev_get_platdata
 .text.dev_get_priv
                0x000000008781d370       0x34 drivers/built-in.o
                0x000000008781d370                dev_get_priv
 .text.lists_driver_lookup_name
                0x000000008781d3a4       0x4c drivers/built-in.o
                0x000000008781d3a4                lists_driver_lookup_name
 .text.lists_uclass_lookup
                0x000000008781d3f0       0x3c drivers/built-in.o
                0x000000008781d3f0                lists_uclass_lookup
 .text.lists_bind_drivers
                0x000000008781d42c       0x88 drivers/built-in.o
                0x000000008781d42c                lists_bind_drivers
 .text.dm_root  0x000000008781d4b4       0x28 drivers/built-in.o
                0x000000008781d4b4                dm_root
 .text.dm_init  0x000000008781d4dc       0x58 drivers/built-in.o
                0x000000008781d4dc                dm_init
 .text.dm_scan_platdata
                0x000000008781d534       0x2c drivers/built-in.o
                0x000000008781d534                dm_scan_platdata
 .text.dm_scan_other
                0x000000008781d560        0x8 drivers/built-in.o
                0x000000008781d560                dm_scan_other
 .text.dm_init_and_scan
                0x000000008781d568       0x30 drivers/built-in.o
                0x000000008781d568                dm_init_and_scan
 .text.uclass_find
                0x000000008781d598       0x4c drivers/built-in.o
                0x000000008781d598                uclass_find
 .text.uclass_get
                0x000000008781d5e4      0x124 drivers/built-in.o
                0x000000008781d5e4                uclass_get
 .text.uclass_find_device
                0x000000008781d708       0x74 drivers/built-in.o
                0x000000008781d708                uclass_find_device
 .text.uclass_find_device_by_seq
                0x000000008781d77c       0x7c drivers/built-in.o
                0x000000008781d77c                uclass_find_device_by_seq
 .text.uclass_get_device_tail
                0x000000008781d7f8       0x2c drivers/built-in.o
                0x000000008781d7f8                uclass_get_device_tail
 .text.uclass_get_device
                0x000000008781d824       0x30 drivers/built-in.o
                0x000000008781d824                uclass_get_device
 .text.uclass_bind_device
                0x000000008781d854       0x7c drivers/built-in.o
                0x000000008781d854                uclass_bind_device
 .text.uclass_unbind_device
                0x000000008781d8d0       0x4c drivers/built-in.o
                0x000000008781d8d0                uclass_unbind_device
 .text.uclass_resolve_seq
                0x000000008781d91c       0xb0 drivers/built-in.o
                0x000000008781d91c                uclass_resolve_seq
 .text.uclass_pre_probe_device
                0x000000008781d9cc       0x64 drivers/built-in.o
                0x000000008781d9cc                uclass_pre_probe_device
 .text.uclass_post_probe_device
                0x000000008781da30       0x20 drivers/built-in.o
                0x000000008781da30                uclass_post_probe_device
 .text.uclass_pre_remove_device
                0x000000008781da50       0x20 drivers/built-in.o
                0x000000008781da50                uclass_pre_remove_device
 .text.dm_warn  0x000000008781da70       0x28 drivers/built-in.o
                0x000000008781da70                dm_warn
 .text.device_free
                0x000000008781da98       0x90 drivers/built-in.o
                0x000000008781da98                device_free
 .text.device_remove
                0x000000008781db28      0x138 drivers/built-in.o
                0x000000008781db28                device_remove
 .text.show_devices
                0x000000008781dc60       0xfc drivers/built-in.o
 .text.dm_dump_all
                0x000000008781dd5c       0x3c drivers/built-in.o
                0x000000008781dd5c                dm_dump_all
 .text.dm_dump_uclass
                0x000000008781dd98       0xdc drivers/built-in.o
                0x000000008781dd98                dm_dump_uclass
 .text.finish_access
                0x000000008781de74       0x2c drivers/built-in.o
 .text.prepare_access
                0x000000008781dea0       0xcc drivers/built-in.o
 .text.setup_direct_access
                0x000000008781df6c      0x120 drivers/built-in.o
 .text.fuse_bank_physical
                0x000000008781e08c       0xd4 drivers/built-in.o
                0x000000008781e08c                fuse_bank_physical
 .text.fuse_word_physical
                0x000000008781e160       0x40 drivers/built-in.o
                0x000000008781e160                fuse_word_physical
 .text.fuse_read
                0x000000008781e1a0       0x80 drivers/built-in.o
                0x000000008781e1a0                fuse_read
 .text.fuse_sense
                0x000000008781e220       0x94 drivers/built-in.o
                0x000000008781e220                fuse_sense
 .text.fuse_prog
                0x000000008781e2b4       0x88 drivers/built-in.o
                0x000000008781e2b4                fuse_prog
 .text.fuse_override
                0x000000008781e33c       0x78 drivers/built-in.o
                0x000000008781e33c                fuse_override
 .text.video_drawchars
                0x000000008781e3b4      0x44c drivers/built-in.o
 .text.video_invertchar
                0x000000008781e800       0x74 drivers/built-in.o
 .text.draw_bitmap
                0x000000008781e874       0xdc drivers/built-in.o
 .text.console_newline.constprop.2
                0x000000008781e950       0xe0 drivers/built-in.o
 .text.board_cfb_skip
                0x000000008781ea30        0x8 drivers/built-in.o
                0x000000008781ea30                board_cfb_skip
 .text.console_cursor
                0x000000008781ea38       0xcc drivers/built-in.o
                0x000000008781ea38                console_cursor
 .text.video_putc
                0x000000008781eb04      0x1c4 drivers/built-in.o
 .text.video_puts
                0x000000008781ecc8       0x7c drivers/built-in.o
 .text.video_set_lut
                0x000000008781ed44        0x4 drivers/built-in.o
                0x000000008781ed44                video_set_lut
 .text.display_rle8_bitmap
                0x000000008781ed48      0x374 drivers/built-in.o
 .text.plot_logo_or_black
                0x000000008781f0bc      0x284 drivers/built-in.o
 .text.do_clrlogo
                0x000000008781f340       0x44 drivers/built-in.o
 .text.video_display_bitmap
                0x000000008781f384      0x988 drivers/built-in.o
                0x000000008781f384                video_display_bitmap
 .text.video_clear
                0x000000008781fd0c       0x54 drivers/built-in.o
                0x000000008781fd0c                video_clear
 .text.drv_video_init
                0x000000008781fd60      0x49c drivers/built-in.o
                0x000000008781fd60                drv_video_init
 .text.mxsfb_system_setup
                0x00000000878201fc        0x4 drivers/built-in.o
                0x00000000878201fc                mxsfb_system_setup
 .text.mxs_lcd_panel_setup
                0x0000000087820200       0x78 drivers/built-in.o
                0x0000000087820200                mxs_lcd_panel_setup
 .text.lcdif_power_down
                0x0000000087820278       0x5c drivers/built-in.o
                0x0000000087820278                lcdif_power_down
 .text.video_hw_init
                0x00000000878202d4      0x378 drivers/built-in.o
                0x00000000878202d4                video_hw_init
 .text.video_get_param_len.constprop.1
                0x000000008782064c       0x20 drivers/built-in.o
 .text.video_get_params
                0x000000008782066c      0x4e0 drivers/built-in.o
                0x000000008782066c                video_get_params
 .text.reset_cpu
                0x0000000087820b4c       0x48 drivers/built-in.o
                0x0000000087820b4c                reset_cpu
 .text.thermal_get_temp
                0x0000000087820b94       0x20 drivers/built-in.o
                0x0000000087820b94                thermal_get_temp
 .text.read_cpu_temperature
                0x0000000087820bb4      0x144 drivers/built-in.o
 .text.imx_thermal_get_temp
                0x0000000087820cf8       0x64 drivers/built-in.o
                0x0000000087820cf8                imx_thermal_get_temp
 .text.imx_thermal_probe
                0x0000000087820d5c       0xc8 drivers/built-in.o
 .text.gpio_set_value
                0x0000000087820e24       0x44 drivers/gpio/built-in.o
                0x0000000087820e24                gpio_set_value
 .text.gpio_get_value
                0x0000000087820e68       0x34 drivers/gpio/built-in.o
                0x0000000087820e68                gpio_get_value
 .text.gpio_request
                0x0000000087820e9c       0x10 drivers/gpio/built-in.o
                0x0000000087820e9c                gpio_request
 .text.gpio_free
                0x0000000087820eac        0x8 drivers/gpio/built-in.o
                0x0000000087820eac                gpio_free
 .text.gpio_direction_input
                0x0000000087820eb4       0x3c drivers/gpio/built-in.o
                0x0000000087820eb4                gpio_direction_input
 .text.gpio_direction_output
                0x0000000087820ef0       0x50 drivers/gpio/built-in.o
                0x0000000087820ef0                gpio_direction_output
 .text.i2c_get_adapter
                0x0000000087820f40       0x64 drivers/i2c/built-in.o
                0x0000000087820f40                i2c_get_adapter
 .text.i2c_init_bus
                0x0000000087820fa4       0x90 drivers/i2c/built-in.o
 .text.i2c_get_bus_num
                0x0000000087821034        0x8 drivers/i2c/built-in.o
                0x0000000087821034                i2c_get_bus_num
 .text.i2c_set_bus_num
                0x000000008782103c       0xb8 drivers/i2c/built-in.o
                0x000000008782103c                i2c_set_bus_num
 .text.i2c_init_all
                0x00000000878210f4       0x14 drivers/i2c/built-in.o
                0x00000000878210f4                i2c_init_all
 .text.i2c_probe
                0x0000000087821108       0x2c drivers/i2c/built-in.o
                0x0000000087821108                i2c_probe
 .text.i2c_read
                0x0000000087821134       0x4c drivers/i2c/built-in.o
                0x0000000087821134                i2c_read
 .text.i2c_write
                0x0000000087821180       0x4c drivers/i2c/built-in.o
                0x0000000087821180                i2c_write
 .text.i2c_set_bus_speed
                0x00000000878211cc       0x64 drivers/i2c/built-in.o
                0x00000000878211cc                i2c_set_bus_speed
 .text.i2c_get_bus_speed
                0x0000000087821230       0x14 drivers/i2c/built-in.o
                0x0000000087821230                i2c_get_bus_speed
 .text.i2c_init
                0x0000000087821244       0x14 drivers/i2c/built-in.o
                0x0000000087821244                i2c_init
 .text.wait_for_sr_state
                0x0000000087821258      0x100 drivers/i2c/built-in.o
 .text.tx_byte  0x0000000087821358       0x50 drivers/i2c/built-in.o
 .text.bus_i2c_set_bus_speed
                0x00000000878213a8       0xb4 drivers/i2c/built-in.o
 .text.mxc_i2c_set_bus_speed
                0x000000008782145c       0x18 drivers/i2c/built-in.o
 .text.i2c_imx_stop
                0x0000000087821474       0x50 drivers/i2c/built-in.o
 .text.__i2c_force_reset_slave
                0x00000000878214c4        0x4 drivers/i2c/built-in.o
                0x00000000878214c4                __i2c_force_reset_slave
                0x00000000878214c4                i2c_force_reset_slave
 .text.i2c_idle_bus
                0x00000000878214c8       0x24 drivers/i2c/built-in.o
                0x00000000878214c8                i2c_idle_bus
 .text.i2c_init_transfer
                0x00000000878214ec      0x224 drivers/i2c/built-in.o
 .text.mxc_i2c_probe
                0x0000000087821710       0x40 drivers/i2c/built-in.o
 .text.mxc_i2c_read