board_f.c:150:12:display_text_info	0	static
board_f.c:269:12:setup_mon_len	0	static
board_f.c:286:12:arch_cpu_init	0	static
board_f.c:417:12:reserve_round_4k	0	static
board_f.c:425:12:reserve_mmu	0	static
board_f.c:486:12:reserve_trace	0	static
board_f.c:498:12:reserve_uboot	0	static
board_f.c:521:12:reserve_malloc	0	static
board_f.c:543:12:setup_machine	0	static
board_f.c:551:12:reserve_global_data	0	static
board_f.c:560:12:reserve_fdt	0	static
board_f.c:599:12:display_new_sp	0	static
board_f.c:793:12:initf_console_record	0	static
board_f.c:821:12:reserve_arch	0	static
board_f.c:826:12:arch_cpu_init_dm	0	static
board_f.c:176:12:announce_dram_init	8	static
board_f.c:238:12:init_func_i2c	8	static
board_f.c:144:12:init_baud_rate	8	static
board_f.c:786:12:mark_bootstage	8	static
board_f.c:802:12:initf_dm	0	static
board_f.c:726:12:setup_reloc	8	static
board_f.c:712:12:reloc_fdt	8	static
board_f.c:530:12:reserve_board	8	static
board_f.c:91:13:coloured_LED_init	0	static
board_f.c:92:13:red_led_on	0	static
board_f.c:93:13:red_led_off	0	static
board_f.c:94:13:green_led_on	0	static
board_f.c:95:13:green_led_off	0	static
board_f.c:96:13:yellow_led_on	0	static
board_f.c:97:13:yellow_led_off	0	static
board_f.c:98:13:blue_led_on	0	static
board_f.c:99:13:blue_led_off	0	static
board_f.c:139:13:board_add_ram_info	0	static
board_f.c:201:12:show_dram_config	8	static
board_f.c:229:13:dram_init_banksize	8	static
board_f.c:704:12:setup_dram_config	8	static
board_f.c:304:14:board_get_usable_ram_top	0	static
board_f.c:321:20:board_reserve_ram_top	0	static
board_f.c:330:12:setup_dest_addr	8	static
board_f.c:581:5:arch_reserve_stacks	0	static
board_f.c:586:12:reserve_stacks	0	static
board_f.c:1037:6:board_init_f	8	static
